CONSTRUCTOR::create (V) | value (N) ++ :: Json (N) :: json (N) ::Json_Json_Json__Object__
CONSTRUCTOR::create (V) | value (N) ++ :: Json (N) :: json (N) ::Json_Json_Json____
BASE_VERB::map (V) | value (N) ++ :: Json (N) :: json (N) ::Json_Json_map____
BASE_VERB::sorted (V) | map (N) ++ :: Json (N) :: json (N) ::Json_Json_sortedMap____
BASE_VERB::list (V) | value (N) ++ :: Json (N) :: json (N) ::Json_Json_list__Object__
BASE_VERB::wrap (V) | value (N) ++ :: Json (N) :: json (N) ::Json_Json_wrap__Object__
BASE_VERB::add (V) | value (N) ++ :: Json (N) :: json (N) ::Json_Json_add__Object__
BASE_VERB::add (V) | at (N) ++ :: Json (N) :: json (N) ::Json_Json_addAt__int-Object__
BASE_VERB::remove (V) | at (N) ++ :: Json (N) :: json (N) ::Json_Json_removeAt__int__
BASE_VERB::index (V) | of (N) ++ :: int (N) :: json (N) ::Json_int_indexOf__Object__
SPECIAL::get (V) | value (N) ++ :: Json (N) :: json (N) ::Json_Json_get__String__
BASE_VERB::put (V) | value (N) ++ :: Json (N) :: json (N) ::Json_Json_put__String-Object__
BASE_VERB::put (V) | all (N) ++ :: Json (N) :: json (N) ::Json_Json_putAll__Json__
BASE_VERB::add (V) | all (N) ++ :: Json (N) :: json (N) ::Json_Json_addAll__Json__
BASE_VERB::remove (V) | all (N) ++ :: Json (N) :: json (N) ::Json_Json_removeAll__Json__
BASE_VERB::at (V) | value (N) ++ :: Json (N) :: json (N) ::Json_Json_at__int__
BASE_VERB::keys (V) | value (N) ++ :: SetString (N) :: json (N) ::Json_SetString_keys____
BASE_VERB::contains (V) | key (N) ++ :: boolean (N) :: json (N) ::Json_boolean_containsKey__String__
BASE_VERB::contains (V) | value (N) ++ :: boolean (N) :: json (N) ::Json_boolean_containsValue__Object__
BASE_VERB::contains (V) | value (N) ++ :: boolean (N) :: json (N) ::Json_boolean_contains__Object__
BASE_VERB::values (V) | value (N) ++ :: CollectionJson (N) :: json (N) ::Json_CollectionJson_values____
BASE_VERB::remove (V) | value (N) ++ :: boolean (N) :: json (N) ::Json_boolean_remove__Object__
BASE_VERB::sum (V) | integers (N) ++ :: void (N) :: json (N) ::Json_void_sumIntegers__Json__
BASE_VERB::sum (V) | reals (N) ++ :: void (N) :: json (N) ::Json_void_sumReals__Json__
BASE_VERB::sum (V) | integer (N) ++ :: void (N) :: json (N) ::Json_void_sumInteger__String-long__
BASE_VERB::sum (V) | real (N) ++ :: void (N) :: json (N) ::Json_void_sumReal__String-double__
BASE_VERB::put (V) | default (N) ++ :: void (N) :: json (N) ::Json_void_putDefault__String-Object__
BASE_VERB::size (V) | value (N) ++ :: int (N) :: json (N) ::Json_int_size____
BASE_VERB::iterator (V) | value (N) ++ :: IteratorJson (N) :: json (N) ::Json_IteratorJson_iterator____
SPECIAL::is (V) | empty (N) ++ :: boolean (N) :: json (N) ::Json_boolean_isEmpty____
BASE_VERB::format (V) | string (N) ++ :: void (N) :: json (N) ::Json_void_formatString__Writer-String__
BASE_VERB::format (V) | value (N) ++ :: void (N) :: json (N) ::Json_void_format__Writer-Object__
BASE_VERB::to (V) | string (N) ++ :: String (N) :: json (N) ::Json_String_toString____
BASE_VERB::write (V) | value (N) ++ :: void (N) :: json (N) ::Json_void_write__Writer__
BASE_VERB::hash (V) | code (N) ++ :: int (N) :: json (N) ::Json_int_hashCode____
BASE_VERB::equals (V) | value (N) ++ :: boolean (N) :: json (N) ::Json_boolean_equals__Object__
BASE_VERB::equals (V) | to (N) ++ :: boolean (N) :: json (N) ::Json_boolean_equalsTo__Json__
BASE_VERB::str (V) | value (N) ++ :: String (N) :: json (N) ::Json_String_str____
BASE_VERB::as (V) | string (N) ++ :: String (N) :: json (N) ::Json_String_asString____
BASE_VERB::as (V) | date (N) ++ :: Date (N) :: json (N) ::Json_Date_asDate____
BASE_VERB::bool (V) | value (N) ++ :: boolean (N) :: json (N) ::Json_boolean_bool____
BASE_VERB::as (V) | boolean (N) ++ :: boolean (N) :: json (N) ::Json_boolean_asBoolean____
BASE_VERB::as (V) | int (N) ++ :: int (N) :: json (N) ::Json_int_asInt____
BASE_VERB::as (V) | short (N) ++ :: short (N) :: json (N) ::Json_short_asShort____
BASE_VERB::as (V) | byte (N) ++ :: byte (N) :: json (N) ::Json_byte_asByte____
BASE_VERB::as (V) | long (N) ++ :: long (N) :: json (N) ::Json_long_asLong____
BASE_VERB::as (V) | double (N) ++ :: Double (N) :: json (N) ::Json_Double_asDouble____
BASE_VERB::as (V) | float (N) ++ :: float (N) :: json (N) ::Json_float_asFloat____
SPECIAL::is (V) | null (N) ++ :: boolean (N) :: json (N) ::Json_boolean_isNull____
SPECIAL::is (V) | number (N) ++ :: boolean (N) :: json (N) ::Json_boolean_isNumber____
SPECIAL::is (V) | boolean (N) ++ :: boolean (N) :: json (N) ::Json_boolean_isBoolean____
SPECIAL::is (V) | string (N) ++ :: boolean (N) :: json (N) ::Json_boolean_isString____
SPECIAL::is (V) | date (N) ++ :: boolean (N) :: json (N) ::Json_boolean_isDate____
SPECIAL::is (V) | map (N) ++ :: boolean (N) :: json (N) ::Json_boolean_isMap____
SPECIAL::is (V) | list (N) ++ :: boolean (N) :: json (N) ::Json_boolean_isList____
BASE_VERB::find (V) | value (N) ++ :: Json (N) :: json (N) ::Json_Json_find__Object__
BASE_VERB::loads (V) | value (N) ++ :: Json (N) :: json (N) ::Json_Json_loads__String__
BASE_VERB::load (V) | value (N) ++ :: Json (N) :: json (N) ::Json_Json_load__BufferedReader__
CONSTRUCTOR::create (V) | value (N) ++ :: Json (N) :: json (N) ::Json_Json_Parser__String__
CONSTRUCTOR::create (V) | value (N) ++ :: Json (N) :: json (N) ::Json_Json_Parser__BufferedReader__
BASE_VERB::parse (V) | value (N) ++ :: Json (N) :: json (N) ::Json_Json_parse____
BASE_VERB::next (V) | value (N) ++ :: Json (N) :: json (N) ::Json_Json_next____
BASE_VERB::ignore (V) | ws (N) ++ :: char (N) :: json (N) ::Json_char_ignoreWS____
SPECIAL::get (V) | value (N) ++ :: void (N) :: json (N) ::Json_void_get____
BASE_VERB::more (V) | value (N) ++ :: boolean (N) :: json (N) ::Json_boolean_more____
SPECIAL::getc (V) | value (N) ++ :: char (N) :: json (N) ::Json_char_getc____
CONSTRUCTOR::create (V) | value (N) ++ :: Model (N) :: model (N) ::Model_Model_Model____
SPECIAL::get (V) | value (N) ++ :: void (N) :: model (N) ::Model_void_get____
BASE_VERB::delete (V) | value (N) ++ :: void (N) :: model (N) ::Model_void_delete____
BASE_VERB::insert (V) | value (N) ++ :: void (N) :: model (N) ::Model_void_insert____
BASE_VERB::update (V) | value (N) ++ :: void (N) :: model (N) ::Model_void_update____
BASE_VERB::save (V) | value (N) ++ :: void (N) :: model (N) ::Model_void_save____
SPECIAL::get (V) | persistence manager (N) ++ :: PersistenceManager (N) :: model (N) ::Model_PersistenceManager_getPersistenceManager____
BASE_VERB::all (V) | value (N) ++ :: QueryR (N) :: model (N) ::Model_QueryR_all__ClassR__
BASE_VERB::batch (V) | value (N) ++ :: BatchR (N) :: model (N) ::Model_BatchR_batch__ClassR__
SPECIAL::get (V) | by key (N) ++ :: R (N) :: model (N) ::Model_R_getByKey__ClassR-Object__
BASE_VERB::async (V) | value (N) ++ :: ModelAsync (N) :: model (N) ::Model_ModelAsync_async____
BASE_VERB::has (V) | relation (N) ++ :: boolean (N) :: model (N) ::Model_boolean_hasRelation__RelationMode__
SPECIAL::set (V) | relation (N) ++ :: Model (N) :: model (N) ::Model_Model_setRelation__Relation__
SPECIAL::get (V) | relation (N) ++ :: Relation (N) :: model (N) ::Model_Relation_getRelation____
BASE_VERB::aggregate (V) | value (N) ++ :: Model (N) :: model (N) ::Model_Model_aggregate__Object-String__
BASE_VERB::equals (V) | value (N) ++ :: boolean (N) :: model (N) ::Model_boolean_equals__Object__
BASE_VERB::hash (V) | code (N) ++ :: int (N) :: model (N) ::Model_int_hashCode____
BASE_VERB::init (V) | value (N) ++ :: void (N) :: model (N) ::Model_void_init____
CONSTRUCTOR::create (V) | query (N) ++ :: Model (N) :: model (N) ::Model_Model_ProxyQuery__ClassT-String-Model__
BASE_VERB::create (V) | query (N) ++ :: QueryT (N) :: model (N) ::Model_QueryT_createQuery____
BASE_VERB::count (V) | value (N) ++ :: int (N) :: model (N) ::Model_int_count____
BASE_VERB::count (V) | value (N) ++ :: int (N) :: model (N) ::Model_int_count__int__
BASE_VERB::count (V) | value (N) ++ :: int (N) :: model (N) ::Model_int_count__int-Object__
BASE_VERB::fetch (V) | value (N) ++ :: ListT (N) :: model (N) ::Model_ListT_fetch____
BASE_VERB::fetch (V) | value (N) ++ :: ListT (N) :: model (N) ::Model_ListT_fetch__int__
BASE_VERB::fetch (V) | value (N) ++ :: ListT (N) :: model (N) ::Model_ListT_fetch__int-Object__
BASE_VERB::filter (V) | value (N) ++ :: QueryT (N) :: model (N) ::Model_QueryT_filter__String-Object__
BASE_VERB::order (V) | value (N) ++ :: QueryT (N) :: model (N) ::Model_QueryT_order__String__
BASE_VERB::search (V) | value (N) ++ :: QueryT (N) :: model (N) ::Model_QueryT_search__String-boolean-String__
BASE_VERB::join (V) | value (N) ++ :: QueryT (N) :: model (N) ::Model_QueryT_join__String-String__
BASE_VERB::aggregated (V) | value (N) ++ :: QueryT (N) :: model (N) ::Model_QueryT_aggregated__Object-String__
BASE_VERB::owned (V) | value (N) ++ :: QueryT (N) :: model (N) ::Model_QueryT_owned__Object-String__
SPECIAL::get (V) | value (N) ++ :: T (N) :: model (N) ::Model_T_get____
BASE_VERB::iter (V) | value (N) ++ :: IterableT (N) :: model (N) ::Model_IterableT_iter____
BASE_VERB::iter (V) | value (N) ++ :: IterableT (N) :: model (N) ::Model_IterableT_iter__int__
BASE_VERB::iter (V) | value (N) ++ :: IterableT (N) :: model (N) ::Model_IterableT_iter__int-Object__
BASE_VERB::iter (V) | per page (N) ++ :: IterableT (N) :: model (N) ::Model_IterableT_iterPerPage__int__
BASE_VERB::copy (V) | value (N) ++ :: ProxyQueryT (N) :: model (N) ::Model_ProxyQueryT_copy____
BASE_VERB::next (V) | offset (N) ++ :: Object (N) :: model (N) ::Model_Object_nextOffset____
BASE_VERB::delete (V) | value (N) ++ :: int (N) :: model (N) ::Model_int_delete____
BASE_VERB::fetch (V) | keys (N) ++ :: ListT (N) :: model (N) ::Model_ListT_fetchKeys____
BASE_VERB::fetch (V) | keys (N) ++ :: ListT (N) :: model (N) ::Model_ListT_fetchKeys__int__
BASE_VERB::fetch (V) | keys (N) ++ :: ListT (N) :: model (N) ::Model_ListT_fetchKeys__int-Object__
SPECIAL::get (V) | filters (N) ++ :: ListQueryFilter (N) :: model (N) ::Model_ListQueryFilter_getFilters____
SPECIAL::get (V) | orders (N) ++ :: ListQueryOrder (N) :: model (N) ::Model_ListQueryOrder_getOrders____
SPECIAL::get (V) | searches (N) ++ :: ListQueryFilterSearch (N) :: model (N) ::Model_ListQueryFilterSearch_getSearches____
SPECIAL::get (V) | joins (N) ++ :: ListQueryJoin (N) :: model (N) ::Model_ListQueryJoin_getJoins____
SPECIAL::get (V) | aggregatees (N) ++ :: ListQueryAggregated (N) :: model (N) ::Model_ListQueryAggregated_getAggregatees____
SPECIAL::get (V) | ownees (N) ++ :: ListQueryOwned (N) :: model (N) ::Model_ListQueryOwned_getOwnees____
SPECIAL::set (V) | next offset (N) ++ :: void (N) :: model (N) ::Model_void_setNextOffset__Object__
SPECIAL::get (V) | queried class (N) ++ :: ClassT (N) :: model (N) ::Model_ClassT_getQueriedClass____
BASE_VERB::paginate (V) | value (N) ++ :: QueryT (N) :: model (N) ::Model_QueryT_paginate__int__
BASE_VERB::limit (V) | value (N) ++ :: QueryT (N) :: model (N) ::Model_QueryT_limit__int__
BASE_VERB::offset (V) | value (N) ++ :: QueryT (N) :: model (N) ::Model_QueryT_offset__Object__
BASE_VERB::customize (V) | value (N) ++ :: QueryT (N) :: model (N) ::Model_QueryT_customize__QueryOption__
BASE_VERB::option (V) | value (N) ++ :: QueryOption (N) :: model (N) ::Model_QueryOption_option__int__
BASE_VERB::options (V) | value (N) ++ :: MapInteger,QueryOption (N) :: model (N) ::Model_MapInteger,QueryOption_options____
BASE_VERB::stateful (V) | value (N) ++ :: QueryT (N) :: model (N) ::Model_QueryT_stateful____
BASE_VERB::stateless (V) | value (N) ++ :: QueryT (N) :: model (N) ::Model_QueryT_stateless____
BASE_VERB::release (V) | value (N) ++ :: QueryT (N) :: model (N) ::Model_QueryT_release____
BASE_VERB::reset (V) | data (N) ++ :: QueryT (N) :: model (N) ::Model_QueryT_resetData____
BASE_VERB::search (V) | value (N) ++ :: QueryT (N) :: model (N) ::Model_QueryT_search__String-String__
BASE_VERB::search (V) | value (N) ++ :: QueryT (N) :: model (N) ::Model_QueryT_search__String-QueryOption-String__
BASE_VERB::update (V) | value (N) ++ :: int (N) :: model (N) ::Model_int_update__MapString,__
BASE_VERB::next (V) | page (N) ++ :: QueryT (N) :: model (N) ::Model_QueryT_nextPage____
BASE_VERB::previous (V) | page (N) ++ :: QueryT (N) :: model (N) ::Model_QueryT_previousPage____
BASE_VERB::dump (V) | value (N) ++ :: String (N) :: model (N) ::Model_String_dump____
BASE_VERB::restore (V) | value (N) ++ :: QueryT (N) :: model (N) ::Model_QueryT_restore__String__
BASE_VERB::async (V) | value (N) ++ :: QueryAsyncT (N) :: model (N) ::Model_QueryAsyncT_async____
SPECIAL::get (V) | by key (N) ++ :: T (N) :: model (N) ::Model_T_getByKey__Object__
SPECIAL::get (V) | persistence manager (N) ++ :: PersistenceManager (N) :: model (N) ::Model_PersistenceManager_getPersistenceManager____
BASE_VERB::dump (V) | value (N) ++ :: String (N) :: model (N) ::Model_String_dump__QueryOption__
BASE_VERB::dump (V) | value (N) ++ :: void (N) :: model (N) ::Model_void_dump__OutputStream-QueryOption__
BASE_VERB::restore (V) | value (N) ++ :: QueryT (N) :: model (N) ::Model_QueryT_restore__String-QueryOption__
BASE_VERB::restore (V) | value (N) ++ :: QueryT (N) :: model (N) ::Model_QueryT_restore__InputStream-QueryOption__
CONSTRUCTOR::create (V) | many (N) ++ :: Model (N) :: model (N) ::Model_Model_ProxyMany__ClassT-Model-RelationMode-Field__
BASE_VERB::create (V) | many (N) ++ :: Many4PMT (N) :: model (N) ::Model_Many4PMT_createMany____
BASE_VERB::as (V) | list (N) ++ :: SyncListT (N) :: model (N) ::Model_SyncListT_asList____
BASE_VERB::as (V) | query (N) ++ :: QueryT (N) :: model (N) ::Model_QueryT_asQuery____
BASE_VERB::as (V) | list2remove (N) ++ :: ListT (N) :: model (N) ::Model_ListT_asList2Remove____
BASE_VERB::as (V) | list2add (N) ++ :: ListT (N) :: model (N) ::Model_ListT_asList2Add____
BASE_VERB::aggregation (V) | mode (N) ++ :: Many4PMT (N) :: model (N) ::Model_Many4PMT_aggregationMode__Object-Field__
BASE_VERB::relation (V) | mode (N) ++ :: Many4PMT (N) :: model (N) ::Model_Many4PMT_relationMode__Object-Field__
SPECIAL::set (V) | sync (N) ++ :: Many4PMT (N) :: model (N) ::Model_Many4PMT_setSync__boolean__
CONSTRUCTOR::create (V) | one (N) ++ :: Model (N) :: model (N) ::Model_Model_ProxyOne__ClassT-Model-RelationMode-Field__
BASE_VERB::create (V) | one (N) ++ :: One4PMT (N) :: model (N) ::Model_One4PMT_createOne____
BASE_VERB::aggregation (V) | mode (N) ++ :: One4PMT (N) :: model (N) ::Model_One4PMT_aggregationMode__Object-Field__
BASE_VERB::relation (V) | mode (N) ++ :: One4PMT (N) :: model (N) ::Model_One4PMT_relationMode__Object-Field__
SPECIAL::get (V) | value (N) ++ :: T (N) :: model (N) ::Model_T_get____
SPECIAL::set (V) | value (N) ++ :: void (N) :: model (N) ::Model_void_set__T__
BASE_VERB::sync (V) | value (N) ++ :: OneT (N) :: model (N) ::Model_OneT_sync____
BASE_VERB::force (V) | sync (N) ++ :: OneT (N) :: model (N) ::Model_OneT_forceSync____
SPECIAL::is (V) | modified (N) ++ :: boolean (N) :: model (N) ::Model_boolean_isModified____
SPECIAL::set (V) | modified (N) ++ :: One4PMT (N) :: model (N) ::Model_One4PMT_setModified__boolean__
SPECIAL::get (V) | prev (N) ++ :: T (N) :: model (N) ::Model_T_getPrev____
SPECIAL::set (V) | sync (N) ++ :: One4PMT (N) :: model (N) ::Model_One4PMT_setSync__boolean__
BASE_VERB::init (V) | value (N) ++ :: void (N) :: persistencemanager (N) ::PersistenceManager_void_init__Properties__
BASE_VERB::option (V) | value (N) ++ :: PersistenceManager (N) :: persistencemanager (N) ::PersistenceManager_PersistenceManager_option__PmOption__
BASE_VERB::option (V) | value (N) ++ :: PmOption (N) :: persistencemanager (N) ::PersistenceManager_PmOption_option__int__
BASE_VERB::options (V) | value (N) ++ :: MapInteger,PmOption (N) :: persistencemanager (N) ::PersistenceManager_MapInteger,PmOption_options____
BASE_VERB::reset (V) | options (N) ++ :: void (N) :: persistencemanager (N) ::PersistenceManager_void_resetOptions____
BASE_VERB::create (V) | query (N) ++ :: QueryT (N) :: persistencemanager (N) ::PersistenceManager_QueryT_createQuery__ClassT__
BASE_VERB::create (V) | query (N) ++ :: QueryT (N) :: persistencemanager (N) ::PersistenceManager_QueryT_createQuery__BaseQueryDataT__
BASE_VERB::create (V) | batch (N) ++ :: BatchT (N) :: persistencemanager (N) ::PersistenceManager_BatchT_createBatch__ClassT__
BASE_VERB::create (V) | many (N) ++ :: Many4PMT (N) :: persistencemanager (N) ::PersistenceManager_Many4PMT_createMany__ClassT__
BASE_VERB::create (V) | one (N) ++ :: One4PMT (N) :: persistencemanager (N) ::PersistenceManager_One4PMT_createOne__ClassT__
SPECIAL::get (V) | value (N) ++ :: void (N) :: persistencemanager (N) ::PersistenceManager_void_get__Object__
BASE_VERB::insert (V) | value (N) ++ :: void (N) :: persistencemanager (N) ::PersistenceManager_void_insert__Object__
BASE_VERB::delete (V) | value (N) ++ :: void (N) :: persistencemanager (N) ::PersistenceManager_void_delete__Object__
BASE_VERB::update (V) | value (N) ++ :: void (N) :: persistencemanager (N) ::PersistenceManager_void_update__Object__
BASE_VERB::save (V) | value (N) ++ :: void (N) :: persistencemanager (N) ::PersistenceManager_void_save__Object__
BASE_VERB::save (V) | value (N) ++ :: int (N) :: persistencemanager (N) ::PersistenceManager_int_save__Object__
BASE_VERB::save (V) | value (N) ++ :: int (N) :: persistencemanager (N) ::PersistenceManager_int_save__Iterable__
BASE_VERB::insert (V) | value (N) ++ :: int (N) :: persistencemanager (N) ::PersistenceManager_int_insert__Object__
BASE_VERB::insert (V) | value (N) ++ :: int (N) :: persistencemanager (N) ::PersistenceManager_int_insert__Iterable__
BASE_VERB::delete (V) | value (N) ++ :: int (N) :: persistencemanager (N) ::PersistenceManager_int_delete__Object__
BASE_VERB::delete (V) | value (N) ++ :: int (N) :: persistencemanager (N) ::PersistenceManager_int_delete__Iterable__
BASE_VERB::delete (V) | by keys (N) ++ :: int (N) :: persistencemanager (N) ::PersistenceManager_int_deleteByKeys__ClassT-Object__
BASE_VERB::delete (V) | by keys (N) ++ :: int (N) :: persistencemanager (N) ::PersistenceManager_int_deleteByKeys__ClassT-Iterable__
SPECIAL::get (V) | value (N) ++ :: int (N) :: persistencemanager (N) ::PersistenceManager_int_get__Object__
SPECIAL::get (V) | value (N) ++ :: int (N) :: persistencemanager (N) ::PersistenceManager_int_get__IterableT__
SPECIAL::get (V) | by key (N) ++ :: T (N) :: persistencemanager (N) ::PersistenceManager_T_getByKey__ClassT-Object__
SPECIAL::get (V) | by keys (N) ++ :: ListT (N) :: persistencemanager (N) ::PersistenceManager_ListT_getByKeys__ClassT-Object__
SPECIAL::get (V) | by keys (N) ++ :: ListT (N) :: persistencemanager (N) ::PersistenceManager_ListT_getByKeys__ClassT-Iterable__
BASE_VERB::update (V) | value (N) ++ :: int (N) :: persistencemanager (N) ::PersistenceManager_int_update__Object__
BASE_VERB::update (V) | value (N) ++ :: int (N) :: persistencemanager (N) ::PersistenceManager_int_update__IterableT__
BASE_VERB::begin (V) | transaction (N) ++ :: void (N) :: persistencemanager (N) ::PersistenceManager_void_beginTransaction__int__
BASE_VERB::begin (V) | transaction (N) ++ :: void (N) :: persistencemanager (N) ::PersistenceManager_void_beginTransaction____
BASE_VERB::commit (V) | transaction (N) ++ :: void (N) :: persistencemanager (N) ::PersistenceManager_void_commitTransaction____
BASE_VERB::rollback (V) | transaction (N) ++ :: void (N) :: persistencemanager (N) ::PersistenceManager_void_rollbackTransaction____
BASE_VERB::close (V) | connection (N) ++ :: void (N) :: persistencemanager (N) ::PersistenceManager_void_closeConnection____
SPECIAL::get (V) | value (N) ++ :: T (N) :: persistencemanager (N) ::PersistenceManager_T_get__QueryT__
BASE_VERB::delete (V) | value (N) ++ :: int (N) :: persistencemanager (N) ::PersistenceManager_int_delete__QueryT__
BASE_VERB::update (V) | value (N) ++ :: int (N) :: persistencemanager (N) ::PersistenceManager_int_update__QueryT-MapString,__
BASE_VERB::count (V) | value (N) ++ :: int (N) :: persistencemanager (N) ::PersistenceManager_int_count__QueryT__
BASE_VERB::fetch (V) | value (N) ++ :: ListT (N) :: persistencemanager (N) ::PersistenceManager_ListT_fetch__QueryT__
BASE_VERB::fetch (V) | value (N) ++ :: ListT (N) :: persistencemanager (N) ::PersistenceManager_ListT_fetch__QueryT-int__
BASE_VERB::fetch (V) | value (N) ++ :: ListT (N) :: persistencemanager (N) ::PersistenceManager_ListT_fetch__QueryT-int-Object__
BASE_VERB::fetch (V) | keys (N) ++ :: ListT (N) :: persistencemanager (N) ::PersistenceManager_ListT_fetchKeys__QueryT__
BASE_VERB::fetch (V) | keys (N) ++ :: ListT (N) :: persistencemanager (N) ::PersistenceManager_ListT_fetchKeys__QueryT-int__
BASE_VERB::fetch (V) | keys (N) ++ :: ListT (N) :: persistencemanager (N) ::PersistenceManager_ListT_fetchKeys__QueryT-int-Object__
BASE_VERB::iter (V) | value (N) ++ :: IterableT (N) :: persistencemanager (N) ::PersistenceManager_IterableT_iter__QueryT__
BASE_VERB::iter (V) | value (N) ++ :: IterableT (N) :: persistencemanager (N) ::PersistenceManager_IterableT_iter__QueryT-int__
BASE_VERB::iter (V) | value (N) ++ :: IterableT (N) :: persistencemanager (N) ::PersistenceManager_IterableT_iter__QueryT-int-Object__
BASE_VERB::iter (V) | per page (N) ++ :: IterableT (N) :: persistencemanager (N) ::PersistenceManager_IterableT_iterPerPage__QueryT-int__
BASE_VERB::release (V) | value (N) ++ :: void (N) :: persistencemanager (N) ::PersistenceManager_void_release__QueryT__
BASE_VERB::paginate (V) | value (N) ++ :: void (N) :: persistencemanager (N) ::PersistenceManager_void_paginate__QueryT__
BASE_VERB::next (V) | page (N) ++ :: void (N) :: persistencemanager (N) ::PersistenceManager_void_nextPage__QueryT__
BASE_VERB::previous (V) | page (N) ++ :: void (N) :: persistencemanager (N) ::PersistenceManager_void_previousPage__QueryT__
BASE_VERB::async (V) | value (N) ++ :: PersistenceManagerAsync (N) :: persistencemanager (N) ::PersistenceManager_PersistenceManagerAsync_async____
BASE_VERB::supported (V) | operators (N) ++ :: StringArray (N) :: persistencemanager (N) ::PersistenceManager_StringArray_supportedOperators____
BASE_VERB::count (V) | value (N) ++ :: int (N) :: persistencemanager (N) ::PersistenceManager_int_count__QueryT-int__
BASE_VERB::count (V) | value (N) ++ :: int (N) :: persistencemanager (N) ::PersistenceManager_int_count__QueryT-int-Object__
CONSTRUCTOR::create (V) | manager factory (N) ++ :: PersistenceManagerFactory (N) :: persistencemanagerfactory (N) ::PersistenceManagerFactory_PersistenceManagerFactory_PersistenceManagerFactory____
SPECIAL::get (V) | persistence manager (N) ++ :: PersistenceManager (N) :: persistencemanagerfactory (N) ::PersistenceManagerFactory_PersistenceManager_getPersistenceManager__Class__
SPECIAL::get (V) | instance (N) ++ :: PersistenceManagerFactory (N) :: persistencemanagerfactory (N) ::PersistenceManagerFactory_PersistenceManagerFactory_getInstance____
SPECIAL::get (V) | value (N) ++ :: PersistenceManager (N) :: persistencemanagerfactory (N) ::PersistenceManagerFactory_PersistenceManager_get__Class__
BASE_VERB::install (V) | value (N) ++ :: void (N) :: persistencemanagerfactory (N) ::PersistenceManagerFactory_void_install__PersistenceManager-Class__
BASE_VERB::install (V) | value (N) ++ :: void (N) :: persistencemanagerfactory (N) ::PersistenceManagerFactory_void_install__PersistenceManager-IterableClass__
BASE_VERB::put (V) | value (N) ++ :: void (N) :: persistencemanagerfactory (N) ::PersistenceManagerFactory_void_put__PersistenceManager-String__
SPECIAL::get (V) | package (N) ++ :: String (N) :: persistencemanagerfactory (N) ::PersistenceManagerFactory_String_getPackage__Class__
BASE_VERB::filter (V) | value (N) ++ :: QueryT (N) :: query (N) ::Query_QueryT_filter__String-Object__
BASE_VERB::order (V) | value (N) ++ :: QueryT (N) :: query (N) ::Query_QueryT_order__String__
BASE_VERB::join (V) | value (N) ++ :: QueryT (N) :: query (N) ::Query_QueryT_join__String-String__
BASE_VERB::search (V) | value (N) ++ :: QueryT (N) :: query (N) ::Query_QueryT_search__String-String__
BASE_VERB::search (V) | value (N) ++ :: QueryT (N) :: query (N) ::Query_QueryT_search__String-QueryOption-String__
BASE_VERB::aggregated (V) | value (N) ++ :: QueryT (N) :: query (N) ::Query_QueryT_aggregated__Object-String__
BASE_VERB::owned (V) | value (N) ++ :: QueryT (N) :: query (N) ::Query_QueryT_owned__Object-String__
SPECIAL::get (V) | value (N) ++ :: T (N) :: query (N) ::Query_T_get____
BASE_VERB::delete (V) | value (N) ++ :: int (N) :: query (N) ::Query_int_delete____
BASE_VERB::update (V) | value (N) ++ :: int (N) :: query (N) ::Query_int_update__MapString,__
BASE_VERB::count (V) | value (N) ++ :: int (N) :: query (N) ::Query_int_count____
SPECIAL::get (V) | by key (N) ++ :: T (N) :: query (N) ::Query_T_getByKey__Object__
BASE_VERB::fetch (V) | value (N) ++ :: ListT (N) :: query (N) ::Query_ListT_fetch____
BASE_VERB::fetch (V) | value (N) ++ :: ListT (N) :: query (N) ::Query_ListT_fetch__int__
BASE_VERB::fetch (V) | value (N) ++ :: ListT (N) :: query (N) ::Query_ListT_fetch__int-Object__
BASE_VERB::fetch (V) | keys (N) ++ :: ListT (N) :: query (N) ::Query_ListT_fetchKeys____
BASE_VERB::fetch (V) | keys (N) ++ :: ListT (N) :: query (N) ::Query_ListT_fetchKeys__int__
BASE_VERB::fetch (V) | keys (N) ++ :: ListT (N) :: query (N) ::Query_ListT_fetchKeys__int-Object__
BASE_VERB::iter (V) | value (N) ++ :: IterableT (N) :: query (N) ::Query_IterableT_iter____
BASE_VERB::iter (V) | value (N) ++ :: IterableT (N) :: query (N) ::Query_IterableT_iter__int__
BASE_VERB::iter (V) | value (N) ++ :: IterableT (N) :: query (N) ::Query_IterableT_iter__int-Object__
BASE_VERB::iter (V) | per page (N) ++ :: IterableT (N) :: query (N) ::Query_IterableT_iterPerPage__int__
BASE_VERB::copy (V) | value (N) ++ :: QueryT (N) :: query (N) ::Query_QueryT_copy____
BASE_VERB::limit (V) | value (N) ++ :: QueryT (N) :: query (N) ::Query_QueryT_limit__int__
BASE_VERB::offset (V) | value (N) ++ :: QueryT (N) :: query (N) ::Query_QueryT_offset__Object__
BASE_VERB::paginate (V) | value (N) ++ :: QueryT (N) :: query (N) ::Query_QueryT_paginate__int__
BASE_VERB::next (V) | page (N) ++ :: QueryT (N) :: query (N) ::Query_QueryT_nextPage____
BASE_VERB::previous (V) | page (N) ++ :: QueryT (N) :: query (N) ::Query_QueryT_previousPage____
BASE_VERB::customize (V) | value (N) ++ :: QueryT (N) :: query (N) ::Query_QueryT_customize__QueryOption__
BASE_VERB::stateful (V) | value (N) ++ :: QueryT (N) :: query (N) ::Query_QueryT_stateful____
BASE_VERB::stateless (V) | value (N) ++ :: QueryT (N) :: query (N) ::Query_QueryT_stateless____
BASE_VERB::release (V) | value (N) ++ :: QueryT (N) :: query (N) ::Query_QueryT_release____
BASE_VERB::reset (V) | data (N) ++ :: QueryT (N) :: query (N) ::Query_QueryT_resetData____
BASE_VERB::dump (V) | value (N) ++ :: String (N) :: query (N) ::Query_String_dump__QueryOption__
BASE_VERB::dump (V) | value (N) ++ :: void (N) :: query (N) ::Query_void_dump__OutputStream-QueryOption__
BASE_VERB::restore (V) | value (N) ++ :: QueryT (N) :: query (N) ::Query_QueryT_restore__String-QueryOption__
BASE_VERB::restore (V) | value (N) ++ :: QueryT (N) :: query (N) ::Query_QueryT_restore__InputStream-QueryOption__
BASE_VERB::async (V) | value (N) ++ :: QueryAsyncT (N) :: query (N) ::Query_QueryAsyncT_async____
SPECIAL::get (V) | persistence manager (N) ++ :: PersistenceManager (N) :: query (N) ::Query_PersistenceManager_getPersistenceManager____
BASE_VERB::count (V) | value (N) ++ :: int (N) :: query (N) ::Query_int_count__int__
BASE_VERB::count (V) | value (N) ++ :: int (N) :: query (N) ::Query_int_count__int-Object__
BASE_VERB::next (V) | offset (N) ++ :: Object (N) :: query (N) ::Query_Object_nextOffset____
SPECIAL::set (V) | next offset (N) ++ :: void (N) :: query (N) ::Query_void_setNextOffset__Object__
BASE_VERB::search (V) | value (N) ++ :: QueryT (N) :: query (N) ::Query_QueryT_search__String-boolean-String__
BASE_VERB::init (V) | value (N) ++ :: void (N) :: gaepersistencemanager (N) ::GaePersistenceManager_void_init__Properties__
BASE_VERB::async (V) | value (N) ++ :: PersistenceManagerAsync (N) :: gaepersistencemanager (N) ::GaePersistenceManager_PersistenceManagerAsync_async____
BASE_VERB::begin (V) | transaction (N) ++ :: void (N) :: gaepersistencemanager (N) ::GaePersistenceManager_void_beginTransaction__int__
BASE_VERB::begin (V) | transaction (N) ++ :: void (N) :: gaepersistencemanager (N) ::GaePersistenceManager_void_beginTransaction____
BASE_VERB::close (V) | connection (N) ++ :: void (N) :: gaepersistencemanager (N) ::GaePersistenceManager_void_closeConnection____
BASE_VERB::commit (V) | transaction (N) ++ :: void (N) :: gaepersistencemanager (N) ::GaePersistenceManager_void_commitTransaction____
BASE_VERB::rollback (V) | transaction (N) ++ :: void (N) :: gaepersistencemanager (N) ::GaePersistenceManager_void_rollbackTransaction____
BASE_VERB::delete (V) | value (N) ++ :: void (N) :: gaepersistencemanager (N) ::GaePersistenceManager_void_delete__Object__
BASE_VERB::delete (V) | single (N) ++ :: void (N) :: gaepersistencemanager (N) ::GaePersistenceManager_void__deleteSingle__Object-ListKey-Key-ClassInfo-Field__
BASE_VERB::delete (V) | multiple (N) ++ :: void (N) :: gaepersistencemanager (N) ::GaePersistenceManager_void__deleteMultiple__Iterable-ListKey-Key-ClassInfo-Field__
SPECIAL::get (V) | value (N) ++ :: void (N) :: gaepersistencemanager (N) ::GaePersistenceManager_void_get__Object__
SPECIAL::get (V) | by key (N) ++ :: T (N) :: gaepersistencemanager (N) ::GaePersistenceManager_T_getByKey__ClassT-Object__
BASE_VERB::insert (V) | value (N) ++ :: void (N) :: gaepersistencemanager (N) ::GaePersistenceManager_void_insert__Object__
BASE_VERB::insert (V) | single (N) ++ :: void (N) :: gaepersistencemanager (N) ::GaePersistenceManager_void__insertSingle__T__
BASE_VERB::insert (V) | single (N) ++ :: void (N) :: gaepersistencemanager (N) ::GaePersistenceManager_void__insertSingle__T-Key-Object-ClassInfo-Field__
BASE_VERB::insert (V) | multiple (N) ++ :: int (N) :: gaepersistencemanager (N) ::GaePersistenceManager_int__insertMultiple__IterableT__
BASE_VERB::insert (V) | add entity (N) ++ :: void (N) :: gaepersistencemanager (N) ::GaePersistenceManager_void__insertAddEntity__ListEntity-T-ClassInfo-Key-ClassInfo-Field__
BASE_VERB::insert (V) | put entities (N) ++ :: int (N) :: gaepersistencemanager (N) ::GaePersistenceManager_int__insertPutEntities__IterableEntity-IterableT__
BASE_VERB::insert (V) | multiple map from parent (N) ++ :: int (N) :: gaepersistencemanager (N) ::GaePersistenceManager_int__insertMultipleMapFromParent__MapKey,MapField,ListObject-ListClassInfo__
BASE_VERB::populate (V) | aggregate field map (N) ++ :: void (N) :: gaepersistencemanager (N) ::GaePersistenceManager_void__populateAggregateFieldMap__MapField,ListObject-ClassInfo-Object__
BASE_VERB::populate (V) | owned list (N) ++ :: void (N) :: gaepersistencemanager (N) ::GaePersistenceManager_void__populateOwnedList__ListObject-ClassInfo-Object__
BASE_VERB::update (V) | value (N) ++ :: void (N) :: gaepersistencemanager (N) ::GaePersistenceManager_void_update__Object__
BASE_VERB::update (V) | simple (N) ++ :: void (N) :: gaepersistencemanager (N) ::GaePersistenceManager_void__updateSimple__T-ClassInfo-Key-ClassInfo-Field__
BASE_VERB::update (V) | simple multiple (N) ++ :: void (N) :: gaepersistencemanager (N) ::GaePersistenceManager_void__updateSimpleMultiple__IterableT-Key-ClassInfo-Field__
BASE_VERB::update (V) | complex (N) ++ :: int (N) :: gaepersistencemanager (N) ::GaePersistenceManager_int__updateComplex__T-Key-ClassInfo-Field__
BASE_VERB::update (V) | multiple (N) ++ :: int (N) :: gaepersistencemanager (N) ::GaePersistenceManager_int__updateMultiple__IterableT__
BASE_VERB::update (V) | build maps (N) ++ :: void (N) :: gaepersistencemanager (N) ::GaePersistenceManager_void__updateBuildMaps__HashMapPersistenceType,ListEntity-HashMapPersistenceType,ListObject-HashMapPersistenceType,ListKey-Object-Key-ClassInfo-Field__
BASE_VERB::update (V) | manage maps (N) ++ :: int (N) :: gaepersistencemanager (N) ::GaePersistenceManager_int__updateManageMaps__HashMapPersistenceType,ListEntity-HashMapPersistenceType,ListObject-HashMapPersistenceType,ListKey__
BASE_VERB::save (V) | value (N) ++ :: void (N) :: gaepersistencemanager (N) ::GaePersistenceManager_void_save__Object__
SPECIAL::get (V) | datastore service (N) ++ :: DatastoreService (N) :: gaepersistencemanager (N) ::GaePersistenceManager_DatastoreService_getDatastoreService____
BASE_VERB::prepare (V) | value (N) ++ :: PreparedQuery (N) :: gaepersistencemanager (N) ::GaePersistenceManager_PreparedQuery_prepare__QueryT__
BASE_VERB::prepare (V) | keys only (N) ++ :: PreparedQuery (N) :: gaepersistencemanager (N) ::GaePersistenceManager_PreparedQuery_prepareKeysOnly__QueryT__
BASE_VERB::map (V) | joins (N) ++ :: T (N) :: gaepersistencemanager (N) ::GaePersistenceManager_T_mapJoins__QueryT-T__
BASE_VERB::map (V) | joins (N) ++ :: T (N) :: gaepersistencemanager (N) ::GaePersistenceManager_T_mapJoins__T__
BASE_VERB::map (V) | joins (N) ++ :: ListT (N) :: gaepersistencemanager (N) ::GaePersistenceManager_ListT_mapJoins__QueryT-ListT__
BASE_VERB::map (V) | joins (N) ++ :: ListT (N) :: gaepersistencemanager (N) ::GaePersistenceManager_ListT_mapJoins__ListT__
BASE_VERB::fill (V) | aggregated (N) ++ :: void (N) :: gaepersistencemanager (N) ::GaePersistenceManager_void_fillAggregated__ClassInfo-T-Key__
BASE_VERB::map (V) | owned (N) ++ :: T (N) :: gaepersistencemanager (N) ::GaePersistenceManager_T_mapOwned__T__
BASE_VERB::map (V) | owned (N) ++ :: ListT (N) :: gaepersistencemanager (N) ::GaePersistenceManager_ListT_mapOwned__ListT__
BASE_VERB::map (V) | aggregated (N) ++ :: T (N) :: gaepersistencemanager (N) ::GaePersistenceManager_T_mapAggregated__T__
BASE_VERB::map (V) | aggregated (N) ++ :: ListT (N) :: gaepersistencemanager (N) ::GaePersistenceManager_ListT_mapAggregated__ListT__
BASE_VERB::map (V) | value (N) ++ :: T (N) :: gaepersistencemanager (N) ::GaePersistenceManager_T_map__QueryT-Entity__
BASE_VERB::map (V) | value (N) ++ :: ListT (N) :: gaepersistencemanager (N) ::GaePersistenceManager_ListT_map__QueryT-ListEntity__
BASE_VERB::map (V) | keys only (N) ++ :: ListT (N) :: gaepersistencemanager (N) ::GaePersistenceManager_ListT_mapKeysOnly__QueryT-ListEntity__
BASE_VERB::do (V) | fetch list (N) ++ :: ListT (N) :: gaepersistencemanager (N) ::GaePersistenceManager_ListT_doFetchList__QueryT-int-int__
BASE_VERB::do (V) | fetch iterable (N) ++ :: IterableT (N) :: gaepersistencemanager (N) ::GaePersistenceManager_IterableT_doFetchIterable__QueryT-int-int__
BASE_VERB::fetch (V) | value (N) ++ :: ListT (N) :: gaepersistencemanager (N) ::GaePersistenceManager_ListT_fetch__QueryT__
BASE_VERB::fetch (V) | value (N) ++ :: ListT (N) :: gaepersistencemanager (N) ::GaePersistenceManager_ListT_fetch__QueryT-int__
BASE_VERB::fetch (V) | value (N) ++ :: ListT (N) :: gaepersistencemanager (N) ::GaePersistenceManager_ListT_fetch__QueryT-int-Object__
BASE_VERB::count (V) | value (N) ++ :: int (N) :: gaepersistencemanager (N) ::GaePersistenceManager_int_count__QueryT__
BASE_VERB::delete (V) | value (N) ++ :: int (N) :: gaepersistencemanager (N) ::GaePersistenceManager_int_delete__QueryT__
BASE_VERB::fetch (V) | keys (N) ++ :: ListT (N) :: gaepersistencemanager (N) ::GaePersistenceManager_ListT_fetchKeys__QueryT__
BASE_VERB::fetch (V) | keys (N) ++ :: ListT (N) :: gaepersistencemanager (N) ::GaePersistenceManager_ListT_fetchKeys__QueryT-int__
BASE_VERB::fetch (V) | keys (N) ++ :: ListT (N) :: gaepersistencemanager (N) ::GaePersistenceManager_ListT_fetchKeys__QueryT-int-Object__
BASE_VERB::iter (V) | value (N) ++ :: IterableT (N) :: gaepersistencemanager (N) ::GaePersistenceManager_IterableT_iter__QueryT__
BASE_VERB::iter (V) | value (N) ++ :: IterableT (N) :: gaepersistencemanager (N) ::GaePersistenceManager_IterableT_iter__QueryT-int__
BASE_VERB::iter (V) | value (N) ++ :: IterableT (N) :: gaepersistencemanager (N) ::GaePersistenceManager_IterableT_iter__QueryT-int-Object__
BASE_VERB::release (V) | value (N) ++ :: void (N) :: gaepersistencemanager (N) ::GaePersistenceManager_void_release__QueryT__
BASE_VERB::paginate (V) | value (N) ++ :: void (N) :: gaepersistencemanager (N) ::GaePersistenceManager_void_paginate__QueryT__
BASE_VERB::next (V) | page (N) ++ :: void (N) :: gaepersistencemanager (N) ::GaePersistenceManager_void_nextPage__QueryT__
BASE_VERB::previous (V) | page (N) ++ :: void (N) :: gaepersistencemanager (N) ::GaePersistenceManager_void_previousPage__QueryT__
BASE_VERB::insert (V) | value (N) ++ :: int (N) :: gaepersistencemanager (N) ::GaePersistenceManager_int_insert__Object__
BASE_VERB::insert (V) | value (N) ++ :: int (N) :: gaepersistencemanager (N) ::GaePersistenceManager_int_insert__Iterable__
BASE_VERB::delete (V) | value (N) ++ :: int (N) :: gaepersistencemanager (N) ::GaePersistenceManager_int_delete__Object__
BASE_VERB::delete (V) | value (N) ++ :: int (N) :: gaepersistencemanager (N) ::GaePersistenceManager_int_delete__Iterable__
BASE_VERB::delete (V) | by keys (N) ++ :: int (N) :: gaepersistencemanager (N) ::GaePersistenceManager_int_deleteByKeys__ClassT-Object__
BASE_VERB::delete (V) | by keys (N) ++ :: int (N) :: gaepersistencemanager (N) ::GaePersistenceManager_int_deleteByKeys__ClassT-Iterable__
SPECIAL::get (V) | value (N) ++ :: int (N) :: gaepersistencemanager (N) ::GaePersistenceManager_int_get__Object__
SPECIAL::get (V) | value (N) ++ :: int (N) :: gaepersistencemanager (N) ::GaePersistenceManager_int_get__IterableT__
SPECIAL::get (V) | by keys (N) ++ :: ListT (N) :: gaepersistencemanager (N) ::GaePersistenceManager_ListT_getByKeys__ClassT-Object__
SPECIAL::get (V) | by keys (N) ++ :: ListT (N) :: gaepersistencemanager (N) ::GaePersistenceManager_ListT_getByKeys__ClassT-Iterable__
BASE_VERB::update (V) | value (N) ++ :: int (N) :: gaepersistencemanager (N) ::GaePersistenceManager_int_update__Object__
BASE_VERB::update (V) | value (N) ++ :: int (N) :: gaepersistencemanager (N) ::GaePersistenceManager_int_update__IterableT__
BASE_VERB::update (V) | value (N) ++ :: int (N) :: gaepersistencemanager (N) ::GaePersistenceManager_int_update__QueryT-MapString,__
BASE_VERB::save (V) | value (N) ++ :: int (N) :: gaepersistencemanager (N) ::GaePersistenceManager_int_save__Object__
BASE_VERB::save (V) | value (N) ++ :: int (N) :: gaepersistencemanager (N) ::GaePersistenceManager_int_save__Iterable__
BASE_VERB::supported (V) | operators (N) ++ :: StringArray (N) :: gaepersistencemanager (N) ::GaePersistenceManager_StringArray_supportedOperators____
BASE_VERB::init (V) | value (N) ++ :: void (N) :: remotepersistencemanager (N) ::RemotePersistenceManager_void_init__Properties__
BASE_VERB::delete (V) | value (N) ++ :: void (N) :: remotepersistencemanager (N) ::RemotePersistenceManager_void_delete__Object__
SPECIAL::get (V) | value (N) ++ :: void (N) :: remotepersistencemanager (N) ::RemotePersistenceManager_void_get__Object__
BASE_VERB::insert (V) | value (N) ++ :: void (N) :: remotepersistencemanager (N) ::RemotePersistenceManager_void_insert__Object__
BASE_VERB::update (V) | value (N) ++ :: void (N) :: remotepersistencemanager (N) ::RemotePersistenceManager_void_update__Object__
BASE_VERB::create (V) | request (N) ++ :: Document (N) :: remotepersistencemanager (N) ::RemotePersistenceManager_Document_createRequest__String__
BASE_VERB::create (V) | request (N) ++ :: Document (N) :: remotepersistencemanager (N) ::RemotePersistenceManager_Document_createRequest__String-Object-boolean__
BASE_VERB::simple (V) | request (N) ++ :: void (N) :: remotepersistencemanager (N) ::RemotePersistenceManager_void_simpleRequest__String-Object-boolean__
BASE_VERB::send (V) | value (N) ++ :: Document (N) :: remotepersistencemanager (N) ::RemotePersistenceManager_Document_send__Document__
BASE_VERB::rollback (V) | transaction (N) ++ :: void (N) :: remotepersistencemanager (N) ::RemotePersistenceManager_void_rollbackTransaction____
BASE_VERB::begin (V) | transaction (N) ++ :: void (N) :: remotepersistencemanager (N) ::RemotePersistenceManager_void_beginTransaction__int__
BASE_VERB::begin (V) | transaction (N) ++ :: void (N) :: remotepersistencemanager (N) ::RemotePersistenceManager_void_beginTransaction____
BASE_VERB::close (V) | connection (N) ++ :: void (N) :: remotepersistencemanager (N) ::RemotePersistenceManager_void_closeConnection____
BASE_VERB::commit (V) | transaction (N) ++ :: void (N) :: remotepersistencemanager (N) ::RemotePersistenceManager_void_commitTransaction____
BASE_VERB::create (V) | request (N) ++ :: Document (N) :: remotepersistencemanager (N) ::RemotePersistenceManager_Document_createRequest__QueryT__
BASE_VERB::send (V) | and parse (N) ++ :: ListT (N) :: remotepersistencemanager (N) ::RemotePersistenceManager_ListT_sendAndParse__Document__
BASE_VERB::fetch (V) | value (N) ++ :: ListT (N) :: remotepersistencemanager (N) ::RemotePersistenceManager_ListT_fetch__QueryT__
BASE_VERB::fetch (V) | value (N) ++ :: ListT (N) :: remotepersistencemanager (N) ::RemotePersistenceManager_ListT_fetch__QueryT-int__
BASE_VERB::fetch (V) | value (N) ++ :: ListT (N) :: remotepersistencemanager (N) ::RemotePersistenceManager_ListT_fetch__QueryT-int-Object__
BASE_VERB::count (V) | value (N) ++ :: int (N) :: remotepersistencemanager (N) ::RemotePersistenceManager_int_count__QueryT__
BASE_VERB::delete (V) | value (N) ++ :: int (N) :: remotepersistencemanager (N) ::RemotePersistenceManager_int_delete__QueryT__
BASE_VERB::fetch (V) | keys (N) ++ :: ListT (N) :: remotepersistencemanager (N) ::RemotePersistenceManager_ListT_fetchKeys__QueryT__
BASE_VERB::fetch (V) | keys (N) ++ :: ListT (N) :: remotepersistencemanager (N) ::RemotePersistenceManager_ListT_fetchKeys__QueryT-int__
BASE_VERB::fetch (V) | keys (N) ++ :: ListT (N) :: remotepersistencemanager (N) ::RemotePersistenceManager_ListT_fetchKeys__QueryT-int-Object__
BASE_VERB::iter (V) | value (N) ++ :: IterableT (N) :: remotepersistencemanager (N) ::RemotePersistenceManager_IterableT_iter__QueryT__
BASE_VERB::iter (V) | value (N) ++ :: IterableT (N) :: remotepersistencemanager (N) ::RemotePersistenceManager_IterableT_iter__QueryT-int__
BASE_VERB::iter (V) | value (N) ++ :: IterableT (N) :: remotepersistencemanager (N) ::RemotePersistenceManager_IterableT_iter__QueryT-int-Object__
BASE_VERB::supported (V) | operators (N) ++ :: StringArray (N) :: remotepersistencemanager (N) ::RemotePersistenceManager_StringArray_supportedOperators____
BASE_VERB::release (V) | value (N) ++ :: void (N) :: remotepersistencemanager (N) ::RemotePersistenceManager_void_release__QueryT__
BASE_VERB::insert (V) | value (N) ++ :: int (N) :: remotepersistencemanager (N) ::RemotePersistenceManager_int_insert__Object__
BASE_VERB::insert (V) | value (N) ++ :: int (N) :: remotepersistencemanager (N) ::RemotePersistenceManager_int_insert__Iterable__
BASE_VERB::delete (V) | value (N) ++ :: int (N) :: remotepersistencemanager (N) ::RemotePersistenceManager_int_delete__Object__
BASE_VERB::delete (V) | value (N) ++ :: int (N) :: remotepersistencemanager (N) ::RemotePersistenceManager_int_delete__Iterable__
BASE_VERB::delete (V) | by keys (N) ++ :: int (N) :: remotepersistencemanager (N) ::RemotePersistenceManager_int_deleteByKeys__ClassT-Object__
SPECIAL::get (V) | value (N) ++ :: int (N) :: remotepersistencemanager (N) ::RemotePersistenceManager_int_get__Object__
SPECIAL::get (V) | value (N) ++ :: int (N) :: remotepersistencemanager (N) ::RemotePersistenceManager_int_get__IterableT__
SPECIAL::get (V) | by keys (N) ++ :: ListT (N) :: remotepersistencemanager (N) ::RemotePersistenceManager_ListT_getByKeys__ClassT-Object__
BASE_VERB::update (V) | value (N) ++ :: int (N) :: remotepersistencemanager (N) ::RemotePersistenceManager_int_update__Object__
BASE_VERB::update (V) | value (N) ++ :: int (N) :: remotepersistencemanager (N) ::RemotePersistenceManager_int_update__IterableT__
BASE_VERB::next (V) | page (N) ++ :: void (N) :: remotepersistencemanager (N) ::RemotePersistenceManager_void_nextPage__QueryT__
BASE_VERB::previous (V) | page (N) ++ :: void (N) :: remotepersistencemanager (N) ::RemotePersistenceManager_void_previousPage__QueryT__
BASE_VERB::async (V) | value (N) ++ :: PersistenceManagerAsync (N) :: remotepersistencemanager (N) ::RemotePersistenceManager_PersistenceManagerAsync_async____
BASE_VERB::paginate (V) | value (N) ++ :: void (N) :: remotepersistencemanager (N) ::RemotePersistenceManager_void_paginate__QueryT__
SPECIAL::get (V) | by key (N) ++ :: T (N) :: remotepersistencemanager (N) ::RemotePersistenceManager_T_getByKey__ClassT-Object__
BASE_VERB::save (V) | value (N) ++ :: void (N) :: remotepersistencemanager (N) ::RemotePersistenceManager_void_save__Object__
BASE_VERB::save (V) | value (N) ++ :: int (N) :: remotepersistencemanager (N) ::RemotePersistenceManager_int_save__Object__
BASE_VERB::save (V) | value (N) ++ :: int (N) :: remotepersistencemanager (N) ::RemotePersistenceManager_int_save__Iterable__
BASE_VERB::delete (V) | by keys (N) ++ :: int (N) :: remotepersistencemanager (N) ::RemotePersistenceManager_int_deleteByKeys__ClassT-Iterable__
SPECIAL::get (V) | by keys (N) ++ :: ListT (N) :: remotepersistencemanager (N) ::RemotePersistenceManager_ListT_getByKeys__ClassT-Iterable__
BASE_VERB::update (V) | value (N) ++ :: int (N) :: remotepersistencemanager (N) ::RemotePersistenceManager_int_update__QueryT-MapString,__
CONSTRUCTOR::create (V) | stub (N) ++ :: RemoteStub (N) :: remotestub (N) ::RemoteStub_RemoteStub_RemoteStub__Serializer-ClassLoader__
BASE_VERB::process (V) | value (N) ++ :: Document (N) :: remotestub (N) ::RemoteStub_Document_process__Document__
BASE_VERB::new (V) | document (N) ++ :: Document (N) :: remotestub (N) ::RemoteStub_Document_newDocument__String__
BASE_VERB::simple (V) | response (N) ++ :: Document (N) :: remotestub (N) ::RemoteStub_Document_simpleResponse__Model-boolean__
BASE_VERB::error (V) | value (N) ++ :: Document (N) :: remotestub (N) ::RemoteStub_Document_error__Throwable__
BASE_VERB::execute (V) | value (N) ++ :: void (N) :: remotestub (N) ::RemoteStub_void_execute__InputStream-OutputStream__
SPECIAL::set (V) | key (N) ++ :: void (N) :: remotestub (N) ::RemoteStub_void_setKey__String__
BASE_VERB::serialize (V) | value (N) ++ :: void (N) :: serializer (N) ::Serializer_void_serialize__Document-OutputStream__
BASE_VERB::deserialize (V) | value (N) ++ :: Document (N) :: serializer (N) ::Serializer_Document_deserialize__InputStream__
BASE_VERB::configure (V) | value (N) ++ :: void (N) :: urlconnector (N) ::URLConnector_void_configure__Properties__
BASE_VERB::close (V) | value (N) ++ :: void (N) :: urlconnector (N) ::URLConnector_void_close____
BASE_VERB::connect (V) | value (N) ++ :: void (N) :: urlconnector (N) ::URLConnector_void_connect____
SPECIAL::get (V) | input stream (N) ++ :: InputStream (N) :: urlconnector (N) ::URLConnector_InputStream_getInputStream____
SPECIAL::get (V) | output stream (N) ++ :: OutputStream (N) :: urlconnector (N) ::URLConnector_OutputStream_getOutputStream____
BASE_VERB::deserialize (V) | value (N) ++ :: Document (N) :: xmlserializer (N) ::XmlSerializer_Document_deserialize__InputStream__
BASE_VERB::serialize (V) | value (N) ++ :: void (N) :: xmlserializer (N) ::XmlSerializer_void_serialize__Document-OutputStream__
BASE_VERB::init (V) | value (N) ++ :: void (N) :: sdbpersistencemanager (N) ::SdbPersistenceManager_void_init__Properties__
BASE_VERB::check (V) | domain (N) ++ :: void (N) :: sdbpersistencemanager (N) ::SdbPersistenceManager_void_checkDomain__String__
SPECIAL::is (V) | read consistent (N) ++ :: boolean (N) :: sdbpersistencemanager (N) ::SdbPersistenceManager_boolean_isReadConsistent____
BASE_VERB::insert (V) | value (N) ++ :: void (N) :: sdbpersistencemanager (N) ::SdbPersistenceManager_void_insert__Object__
BASE_VERB::insert (V) | value (N) ++ :: int (N) :: sdbpersistencemanager (N) ::SdbPersistenceManager_int_insert__Object__
BASE_VERB::insert (V) | value (N) ++ :: int (N) :: sdbpersistencemanager (N) ::SdbPersistenceManager_int_insert__Iterable__
SPECIAL::get (V) | value (N) ++ :: void (N) :: sdbpersistencemanager (N) ::SdbPersistenceManager_void_get__Object__
SPECIAL::get (V) | value (N) ++ :: int (N) :: sdbpersistencemanager (N) ::SdbPersistenceManager_int_get__Object__
BASE_VERB::raw (V) | get (N) ++ :: int (N) :: sdbpersistencemanager (N) ::SdbPersistenceManager_int_rawGet__IterableT__
SPECIAL::get (V) | value (N) ++ :: int (N) :: sdbpersistencemanager (N) ::SdbPersistenceManager_int_get__IterableT__
BASE_VERB::update (V) | value (N) ++ :: void (N) :: sdbpersistencemanager (N) ::SdbPersistenceManager_void_update__Object__
BASE_VERB::update (V) | value (N) ++ :: int (N) :: sdbpersistencemanager (N) ::SdbPersistenceManager_int_update__Object__
BASE_VERB::update (V) | value (N) ++ :: int (N) :: sdbpersistencemanager (N) ::SdbPersistenceManager_int_update__IterableT__
BASE_VERB::delete (V) | value (N) ++ :: void (N) :: sdbpersistencemanager (N) ::SdbPersistenceManager_void_delete__Object__
BASE_VERB::delete (V) | value (N) ++ :: int (N) :: sdbpersistencemanager (N) ::SdbPersistenceManager_int_delete__Object__
BASE_VERB::delete (V) | value (N) ++ :: int (N) :: sdbpersistencemanager (N) ::SdbPersistenceManager_int_delete__Iterable__
BASE_VERB::save (V) | value (N) ++ :: void (N) :: sdbpersistencemanager (N) ::SdbPersistenceManager_void_save__Object__
BASE_VERB::save (V) | value (N) ++ :: int (N) :: sdbpersistencemanager (N) ::SdbPersistenceManager_int_save__Object__
BASE_VERB::save (V) | value (N) ++ :: int (N) :: sdbpersistencemanager (N) ::SdbPersistenceManager_int_save__Iterable__
SPECIAL::get (V) | by key (N) ++ :: T (N) :: sdbpersistencemanager (N) ::SdbPersistenceManager_T_getByKey__ClassT-Object__
SPECIAL::get (V) | by keys (N) ++ :: ListT (N) :: sdbpersistencemanager (N) ::SdbPersistenceManager_ListT_getByKeys__ClassT-Object__
BASE_VERB::raw (V) | get by keys (N) ++ :: ListT (N) :: sdbpersistencemanager (N) ::SdbPersistenceManager_ListT_rawGetByKeys__ClassT-Iterable__
SPECIAL::get (V) | by keys (N) ++ :: ListT (N) :: sdbpersistencemanager (N) ::SdbPersistenceManager_ListT_getByKeys__ClassT-Iterable__
BASE_VERB::count (V) | value (N) ++ :: int (N) :: sdbpersistencemanager (N) ::SdbPersistenceManager_int_count__QueryT__
BASE_VERB::fetch (V) | value (N) ++ :: ListT (N) :: sdbpersistencemanager (N) ::SdbPersistenceManager_ListT_fetch__QueryT__
BASE_VERB::fetch (V) | value (N) ++ :: ListT (N) :: sdbpersistencemanager (N) ::SdbPersistenceManager_ListT_fetch__QueryT-int__
BASE_VERB::fetch (V) | value (N) ++ :: ListT (N) :: sdbpersistencemanager (N) ::SdbPersistenceManager_ListT_fetch__QueryT-int-Object__
BASE_VERB::fetch (V) | keys (N) ++ :: ListT (N) :: sdbpersistencemanager (N) ::SdbPersistenceManager_ListT_fetchKeys__QueryT__
BASE_VERB::fetch (V) | keys (N) ++ :: ListT (N) :: sdbpersistencemanager (N) ::SdbPersistenceManager_ListT_fetchKeys__QueryT-int__
BASE_VERB::fetch (V) | keys (N) ++ :: ListT (N) :: sdbpersistencemanager (N) ::SdbPersistenceManager_ListT_fetchKeys__QueryT-int-Object__
BASE_VERB::iter (V) | value (N) ++ :: IterableT (N) :: sdbpersistencemanager (N) ::SdbPersistenceManager_IterableT_iter__QueryT__
BASE_VERB::iter (V) | value (N) ++ :: IterableT (N) :: sdbpersistencemanager (N) ::SdbPersistenceManager_IterableT_iter__QueryT-int__
BASE_VERB::iter (V) | value (N) ++ :: IterableT (N) :: sdbpersistencemanager (N) ::SdbPersistenceManager_IterableT_iter__QueryT-int-Object__
BASE_VERB::delete (V) | value (N) ++ :: int (N) :: sdbpersistencemanager (N) ::SdbPersistenceManager_int_delete__QueryT__
BASE_VERB::post (V) | mapping (N) ++ :: void (N) :: sdbpersistencemanager (N) ::SdbPersistenceManager_void_postMapping__QueryT__
BASE_VERB::continue (V) | fetch next token (N) ++ :: void (N) :: sdbpersistencemanager (N) ::SdbPersistenceManager_void_continueFetchNextToken__QueryT-ListT-int__
BASE_VERB::post (V) | fetch (N) ++ :: void (N) :: sdbpersistencemanager (N) ::SdbPersistenceManager_void_postFetch__QueryT-SelectResult__
BASE_VERB::pre (V) | fetch (N) ++ :: void (N) :: sdbpersistencemanager (N) ::SdbPersistenceManager_void_preFetch__QueryT-int-int-boolean__
BASE_VERB::do (V) | fetch list (N) ++ :: void (N) :: sdbpersistencemanager (N) ::SdbPersistenceManager_void_doFetchList__QueryT-int-int-ListT-int__
BASE_VERB::do (V) | fetch iterable (N) ++ :: IterableT (N) :: sdbpersistencemanager (N) ::SdbPersistenceManager_IterableT_doFetchIterable__QueryT-int-int-boolean__
BASE_VERB::begin (V) | transaction (N) ++ :: void (N) :: sdbpersistencemanager (N) ::SdbPersistenceManager_void_beginTransaction__int__
BASE_VERB::begin (V) | transaction (N) ++ :: void (N) :: sdbpersistencemanager (N) ::SdbPersistenceManager_void_beginTransaction____
BASE_VERB::close (V) | connection (N) ++ :: void (N) :: sdbpersistencemanager (N) ::SdbPersistenceManager_void_closeConnection____
BASE_VERB::commit (V) | transaction (N) ++ :: void (N) :: sdbpersistencemanager (N) ::SdbPersistenceManager_void_commitTransaction____
BASE_VERB::rollback (V) | transaction (N) ++ :: void (N) :: sdbpersistencemanager (N) ::SdbPersistenceManager_void_rollbackTransaction____
BASE_VERB::release (V) | value (N) ++ :: void (N) :: sdbpersistencemanager (N) ::SdbPersistenceManager_void_release__QueryT__
BASE_VERB::supported (V) | operators (N) ++ :: StringArray (N) :: sdbpersistencemanager (N) ::SdbPersistenceManager_StringArray_supportedOperators____
BASE_VERB::delete (V) | by keys (N) ++ :: int (N) :: sdbpersistencemanager (N) ::SdbPersistenceManager_int_deleteByKeys__ClassT-Object__
BASE_VERB::next (V) | page (N) ++ :: void (N) :: sdbpersistencemanager (N) ::SdbPersistenceManager_void_nextPage__QueryT__
BASE_VERB::previous (V) | page (N) ++ :: void (N) :: sdbpersistencemanager (N) ::SdbPersistenceManager_void_previousPage__QueryT__
BASE_VERB::paginate (V) | value (N) ++ :: void (N) :: sdbpersistencemanager (N) ::SdbPersistenceManager_void_paginate__QueryT__
BASE_VERB::async (V) | value (N) ++ :: PersistenceManagerAsync (N) :: sdbpersistencemanager (N) ::SdbPersistenceManager_PersistenceManagerAsync_async____
BASE_VERB::update (V) | value (N) ++ :: int (N) :: sdbpersistencemanager (N) ::SdbPersistenceManager_int_update__QueryT-MapString,__
BASE_VERB::delete (V) | by keys (N) ++ :: int (N) :: sdbpersistencemanager (N) ::SdbPersistenceManager_int_deleteByKeys__ClassT-Iterable__
BASE_VERB::map (V) | joins (N) ++ :: T (N) :: sdbpersistencemanager (N) ::SdbPersistenceManager_T_mapJoins__T__
BASE_VERB::map (V) | joins (N) ++ :: void (N) :: sdbpersistencemanager (N) ::SdbPersistenceManager_void_mapJoins__IterableT__
BASE_VERB::map (V) | joins (N) ++ :: T (N) :: sdbpersistencemanager (N) ::SdbPersistenceManager_T_mapJoins__QueryT-T__
BASE_VERB::map (V) | joins (N) ++ :: ListT (N) :: sdbpersistencemanager (N) ::SdbPersistenceManager_ListT_mapJoins__QueryT-ListT__
